
> elrayen-quran-school@1.0.0 build
> next build

Γû▓ Next.js 16.1.1 (Turbopack)
- Environments: .env

  Creating an optimized production build ...
node.exe : 
(node:18564) [MODULE_
TYPELESS_PACKAGE_JSON
] Warning: Module 
type of file:///C:/Us
ers/DELL/Downloads/el
rayen-qurane/postcss.
config.js is not 
specified and it 
doesn't parse as 
CommonJS.
At C:\Program Files\n
odejs\npm.ps1:29 
char:3
+   & $NODE_EXE 
$NPM_CLI_JS $args
+   ~~~~~~~~~~~~~~~~~
~~~~~~~~~~~~
    + CategoryInfo   
           : NotSpe  
  cified: ((node:1   
 8564) [M...se as    
 CommonJS.:Strin    
g) [], RemoteExc    
eption
    + FullyQualified 
   ErrorId : Native  
  CommandError
 
Reparsing as ES 
module because 
module syntax was 
detected. This 
incurs a performance 
overhead.
To eliminate this 
warning, add "type": 
"module" to C:\Users\
DELL\Downloads\elraye
n-qurane\package.json
.
(Use `node 
--trace-warnings 
...` to show where 
the warning was 
created)
Γ£ô Compiled successfully in 7.6s
  Running TypeScript ...
Failed to compile.

.next/dev/types/valid
ator.ts:189:31
Type error: Type 
'typeof import("C:/Us
ers/DELL/Downloads/el
rayen-qurane/src/app/
api/students/[id]/rou
te")' does not 
satisfy the 
constraint 'RouteHand
lerConfig<"/api/stude
nts/[id]">'.
  Types of property 
'GET' are 
incompatible.
    Type '(request: 
Request, { params }: 
{ params: { id: 
string; }; }) => Prom
ise<NextResponse<{ 
error: string; }> | 
NextResponse<{ 
success: boolean; 
student: any; }>>' 
is not assignable to 
type '(request: 
NextRequest, 
context: { params: 
Promise<{ id: 
string; }>; }) => 
void | Response | 
Promise<void | 
Response>'.
      Types of 
parameters '__1' and 
'context' are 
incompatible.
        Type '{ 
params: Promise<{ 
id: string; }>; }' 
is not assignable to 
type '{ params: { 
id: string; }; }'.
          Types of 
property 'params' 
are incompatible.
            Property 
'id' is missing in 
type 'Promise<{ id: 
string; }>' but 
required in type '{ 
id: string; }'.

[0m [90m 187 
|[39m   type __IsExp
ected[33m<[39m[33m
Specific[39m 
[36mextends[39m [3
3mRouteHandlerConfig
[39m[33m<[39m[32m"
/api/students/[id]"[
39m[33m>>[39m 
[33m=[39m 
[33mSpecific[39m
 [90m 188 |[39m   
[36mconst[39m 
handler [33m=[39m 
{} [36mas[39m 
[36mtypeof[39m [36
mimport[39m([32m"..
/../../src/app/api/st
udents/[id]/route.js"
[39m)
[31m[1m>[22m[39m
[90m 189 |[39m   
type __Check 
[33m=[39m __IsExpec
ted[33m<[39m[36mty
peof[39m 
handler[33m>[39m
 [90m     |[39m    
                     
      
[31m[1m^[22m[39m
 [90m 190 |[39m   
[90m// 
@ts-ignore[39m
 [90m 191 |[39m   
type __Unused 
[33m=[39m __Check
 [90m 192 |[39m 
}[0m
Next.js build worker 
exited with code: 1 
and signal: null
